> go test ./...
ok	github.com/user/project/pkg1	0.123s
