[32m~[m [1mRUNNING (1)[m[0m                                              [1m✓0 ✗0 ∅0 =1 X.Xs[m
--------------------------------------------------------------------------------
[32m~[m [1mpkg1[m[0m                                                     [1m✓0 ✗0 ∅0 =0 X.Xs[m
  [1m  === RUN   TestBleed[m[0m                                                [1mX.Xs[m
      [31mThis is red text[0m