[32m~[m [1;97mRUNNING (1)[m[0m                                              [1;97m[1m✓0[m [1m✗0[m [1m∅0[m [1m=1[m X.Xs[m
--------------------------------------------------------------------------------
[32m~[m [1;97mpkg1[m[0m                                                     [1;97m[1m✓0[m [1m✗0[m [1m∅0[m [1m=0[m [1;97mX.Xs[m[m
  [1;97m  === RUN   TestBleed[m[0m                                                [1;97mX.Xs[m
      [31mThis is red text[0m